> sudo -u postgres psql
psql (17.6 (Homebrew))
Type "help" for help.

postgres=# CREATE TABLE students (
    student_id INTEGER PRIMARY KEY,
    name VARCHAR(100),
    email VARCHAR(150)
);
CREATE TABLE
postgres=# CREATE TABLE students_table_level (
    student_id INTEGER,
    name VARCHAR(100),
    email VARCHAR(150),
    PRIMARY KEY (student_id)
);
CREATE TABLE
postgres=# CREATE TABLE students_named_pk (
    student_id INTEGER,
    name VARCHAR(100),
    email VARCHAR(150),
    CONSTRAINT pk_students PRIMARY KEY (student_id)
);
CREATE TABLE
postgres=# CREATE TABLE students_no_pk (
    student_id INTEGER,
    name VARCHAR(100)
);
CREATE TABLE
postgres=# ALTER TABLE students_no_pk ADD CONSTRAINT pk_students_no PRIMARY KEY (student_id);
ALTER TABLE
postgres=# CREATE TABLE students_single (
    student_id SERIAL PRIMARY KEY,
    name VARCHAR(100) NOT NULL,
    email VARCHAR(150) UNIQUE,
    faculty VARCHAR(50)
);
CREATE TABLE
postgres=# INSERT INTO students_single (name, email, faculty) VALUES
('Alice Johnson', 'alice@alatoo.edu.kg', 'Computer Science'),
('Bob Smith', 'bob@alatoo.edu.kg', 'Mathematics'),
('Carol Davis', 'carol@alatoo.edu.kg', 'Computer Science');
INSERT 0 3
postgres=# CREATE TABLE course_enrollments (
    student_id INTEGER,
    course_id INTEGER,
    semester VARCHAR(20),
    enrollment_date DATE DEFAULT CURRENT_DATE,
    grade CHAR(2),
    PRIMARY KEY (student_id, course_id, semester)
);
CREATE TABLE
postgres=# INSERT INTO course_enrollments (student_id, course_id, semester, grade) VALUES
(1, 101, '2024-Spring', 'A'),
(1, 102, '2024-Spring', 'B+'),
(2, 101, '2024-Spring', 'A-'),
(1, 101, '2024-Fall', 'A+');
INSERT 0 4
postgres=# CREATE TABLE products (
    product_id SERIAL PRIMARY KEY,
    product_name VARCHAR(100) NOT NULL,
    price DECIMAL(10,2)
);
CREATE TABLE
postgres=# CREATE TABLE transactions (
    transaction_id BIGSERIAL PRIMARY KEY,
    amount DECIMAL(15,2),
    transaction_date TIMESTAMP DEFAULT CURRENT_TIMESTAMP
);
CREATE TABLE
postgres=# CREATE TABLE orders (
    order_id INTEGER GENERATED ALWAYS AS IDENTITY PRIMARY KEY,
    customer_name VARCHAR(100),
    order_date DATE DEFAULT CURRENT_DATE
);
CREATE TABLE
postgres=# CREATE TABLE customers (
    customer_id INTEGER GENERATED BY DEFAULT AS IDENTITY PRIMARY KEY,
    customer_name VARCHAR(100),
    email VARCHAR(150)
);
CREATE TABLE
postgres=# INSERT INTO customers (customer_id, customer_name, email)
VALUES (1000, 'VIP Customer', 'vip@example.com');
INSERT 0 1
postgres=# CREATE TABLE departments (
    dept_id INTEGER PRIMARY KEY,
    dept_name VARCHAR(100)
);
CREATE TABLE
postgres=# INSERT INTO departments VALUES (1, 'Computer Science');
INSERT 0 1
postgres=# INSERT INTO departments VALUES (1, 'Mathematics');
ERROR:  duplicate key value violates unique constraint "departments_pkey"
DETAIL:  Key (dept_id)=(1) already exists.
postgres=# \d students_single
shell-init: error retrieving current directory: getcwd: cannot access parent directories: Permission denied
                                          Table "public.students_single"
   Column   |          Type          | Collation | Nullable |                       Default                       
------------+------------------------+-----------+----------+-----------------------------------------------------
 student_id | integer                |           | not null | nextval('students_single_student_id_seq'::regclass)
 name       | character varying(100) |           | not null | 
 email      | character varying(150) |           |          | 
 faculty    | character varying(50)  |           |          | 
Indexes:
    "students_single_pkey" PRIMARY KEY, btree (student_id)
    "students_single_email_key" UNIQUE CONSTRAINT, btree (email)

postgres=# \d course_enrollments
                       Table "public.course_enrollments"
     Column      |         Type          | Collation | Nullable |   Default    
-----------------+-----------------------+-----------+----------+--------------
 student_id      | integer               |           | not null | 
 course_id       | integer               |           | not null | 
 semester        | character varying(20) |           | not null | 
 enrollment_date | date                  |           |          | CURRENT_DATE
 grade           | character(2)          |           |          | 
Indexes:
    "course_enrollments_pkey" PRIMARY KEY, btree (student_id, course_id, semester)

postgres=# \d departments
                     Table "public.departments"
  Column   |          Type          | Collation | Nullable | Default 
-----------+------------------------+-----------+----------+---------
 dept_id   | integer                |           | not null | 
 dept_name | character varying(100) |           |          | 
Indexes:
    "departments_pkey" PRIMARY KEY, btree (dept_id)

postgres=# 
